Godot Engine v4.6.2.stable.official.71f334935 - https://godotengine.org

[   0% ] [90m[1mfirst_scan_filesystem[22m | Started 项目初始化 (5 steps)[39m[0m
[   0% ] [90m[1mfirst_scan_filesystem[22m | 正在扫描文件结构……[39m[0m
[  16% ] [90m[1mfirst_scan_filesystem[22m | 正在加载全局类名……[39m[0m
[  33% ] [90m[1mfirst_scan_filesystem[22m | 正在校验 GDExtension……[39m[0m
[  50% ] [90m[1mfirst_scan_filesystem[22m | 正在创建自动加载脚本……[39m[0m
[  66% ] [90m[1mfirst_scan_filesystem[22m | 正在初始化插件……[39m[0m
[38;2;218;165;32mIt was recognized that GdUnit4 is running in a test environment, therefore the GdUnit4 plugin will not be executed![0m
[  83% ] [90m[1mfirst_scan_filesystem[22m | 正在启动文件扫描……[39m[0m
[92m[ DONE ][39m [1mfirst_scan_filesystem[22m
[0m
[   0% ] [90m[1mloading_editor_layout[22m | Started 正在加载编辑器 (5 steps)[39m[0m
[   0% ] [90m[1mloading_editor_layout[22m | 正在加载编辑器布局……[39m[0m
[  16% ] [90m[1mloading_editor_layout[22m | 正在加载停靠面板……[39m[0m
[92m[ DONE ][39m [1mloading_editor_layout[22m
[0m
Godot Engine v4.6.2.stable.official.71f334935 - https://godotengine.org

Godot Engine v4.6.2.stable.official.71f334935 - https://godotengine.org

[2J[H[38;2;233;150;122m
--------------------------------------------------------------------------------------------------
GdUnit4 Comandline Tool
--------------------------------------------------------------------------------------------------[0m
[38;2;218;165;32m
Headless mode is ignored by option '--ignoreHeadlessMode'"

Please note that tests that use UI interaction do not work correctly in headless mode.
Godot 'InputEvents' are not transported by the Godot engine in headless mode and therefore
have no effect in the test!
[0m
Scanning for test suites in: res://tests
[38;2;100;149;237mInstalling GdUnit4 session system hooks.[0m
[38;2;100;149;237mSession hook 'GdUnitHtmlTestReporter' installed.[0m
[38;2;100;149;237mSession hook 'GdUnitXMLTestReporter' installed.[0m
[38;2;0;206;209mRun Test Suite: [0m[38;2;250;235;215mres://tests/integration/battle_ui_test.gd[0m
  [38;2;250;235;215mres://tests/integration/battle_ui_test.gd[0m[38;2;128;128;128m > [0m[38;2;250;235;215mtest_battle_scene_projects_fixture_state_and_all_ten_cards[0m[38;2;34;139;34m STARTED[0m[38;2;128;128;128m[0m
  [38;2;250;235;215mres://tests/integration/battle_ui_test.gd[0m[38;2;128;128;128m > [0m[38;2;250;235;215mtest_battle_scene_projects_fixture_state_and_all_ten_cards[0m[38;2;34;139;34m PASSED[0m[38;2;100;149;237m 179ms[0m
[38;2;128;128;128m[0m
  [38;2;250;235;215mres://tests/integration/battle_ui_test.gd[0m[38;2;128;128;128m > [0m[38;2;250;235;215mtest_select_and_play_self_card_updates_hud_effect_and_history[0m[38;2;34;139;34m STARTED[0m[38;2;128;128;128m[0m
  [38;2;250;235;215mres://tests/integration/battle_ui_test.gd[0m[38;2;128;128;128m > [0m[38;2;250;235;215mtest_select_and_play_self_card_updates_hud_effect_and_history[0m[38;2;34;139;34m PASSED[0m[38;2;100;149;237m 140ms[0m
[38;2;128;128;128m[0m
  [38;2;250;235;215mres://tests/integration/battle_ui_test.gd[0m[38;2;128;128;128m > [0m[38;2;250;235;215mtest_target_mapping_uses_battle_participant_ids[0m[38;2;34;139;34m STARTED[0m[38;2;128;128;128m[0m
  [38;2;250;235;215mres://tests/integration/battle_ui_test.gd[0m[38;2;128;128;128m > [0m[38;2;250;235;215mtest_target_mapping_uses_battle_participant_ids[0m[38;2;34;139;34m PASSED[0m[38;2;100;149;237m 121ms[0m
[38;2;128;128;128m[0m
  [38;2;250;235;215mres://tests/integration/battle_ui_test.gd[0m[38;2;128;128;128m > [0m[38;2;250;235;215mtest_reaction_slots_offer_both_products_and_selected_choice_resolves[0m[38;2;34;139;34m STARTED[0m[38;2;128;128;128m[0m
  [38;2;250;235;215mres://tests/integration/battle_ui_test.gd[0m[38;2;128;128;128m > [0m[38;2;250;235;215mtest_reaction_slots_offer_both_products_and_selected_choice_resolves[0m[38;2;34;139;34m PASSED[0m[38;2;100;149;237m 140ms[0m
[38;2;128;128;128m[0m
  [38;2;250;235;215mres://tests/integration/battle_ui_test.gd[0m[38;2;128;128;128m > [0m[38;2;250;235;215mtest_unsupported_reaction_is_atomic_and_clear_returns_both_cards[0m[38;2;34;139;34m STARTED[0m[38;2;128;128;128m[0m
  [38;2;250;235;215mres://tests/integration/battle_ui_test.gd[0m[38;2;128;128;128m > [0m[38;2;250;235;215mtest_unsupported_reaction_is_atomic_and_clear_returns_both_cards[0m[38;2;34;139;34m PASSED[0m[38;2;100;149;237m 126ms[0m
[38;2;128;128;128m[0m
  [38;2;250;235;215mres://tests/integration/battle_ui_test.gd[0m[38;2;128;128;128m > [0m[38;2;250;235;215mtest_end_turn_advances_ai_round_and_result_overlay_can_restart[0m[38;2;34;139;34m STARTED[0m[38;2;128;128;128m[0m
  [38;2;250;235;215mres://tests/integration/battle_ui_test.gd[0m[38;2;128;128;128m > [0m[38;2;250;235;215mtest_end_turn_advances_ai_round_and_result_overlay_can_restart[0m[38;2;34;139;34m PASSED[0m[38;2;100;149;237m 143ms[0m
[38;2;128;128;128m[0m
[38;2;30;144;255mStatistics:[0m[38;2;128;128;128m 6 test cases | 0 errors | 0 failures | 0 flaky | 0 skipped | 0 orphans |[0m[38;2;34;139;34m PASSED[0m[38;2;100;149;237m 863ms[0m
[38;2;128;128;128m[0m
[38;2;128;128;128m[0m
[38;2;0;206;209mRun Test Suite: [0m[38;2;250;235;215mres://tests/unit/domain/battle_content_catalog_test.gd[0m
  [38;2;250;235;215mres://tests/unit/domain/battle_content_catalog_test.gd[0m[38;2;128;128;128m > [0m[38;2;250;235;215mtest_fixture_catalog_loads_valid_migration_data[0m[38;2;34;139;34m STARTED[0m[38;2;128;128;128m[0m
  [38;2;250;235;215mres://tests/unit/domain/battle_content_catalog_test.gd[0m[38;2;128;128;128m > [0m[38;2;250;235;215mtest_fixture_catalog_loads_valid_migration_data[0m[38;2;34;139;34m PASSED[0m[38;2;100;149;237m 12ms[0m
[38;2;128;128;128m[0m
  [38;2;250;235;215mres://tests/unit/domain/battle_content_catalog_test.gd[0m[38;2;128;128;128m > [0m[38;2;250;235;215mtest_fixture_marks_unapproved_output_and_science_status_explicitly[0m[38;2;34;139;34m STARTED[0m[38;2;128;128;128m[0m
  [38;2;250;235;215mres://tests/unit/domain/battle_content_catalog_test.gd[0m[38;2;128;128;128m > [0m[38;2;250;235;215mtest_fixture_marks_unapproved_output_and_science_status_explicitly[0m[38;2;34;139;34m PASSED[0m[38;2;100;149;237m 11ms[0m
[38;2;128;128;128m[0m
  [38;2;250;235;215mres://tests/unit/domain/battle_content_catalog_test.gd[0m[38;2;128;128;128m > [0m[38;2;250;235;215mtest_catalog_rejects_duplicate_definition_ids[0m[38;2;34;139;34m STARTED[0m[38;2;128;128;128m[0m
  [38;2;250;235;215mres://tests/unit/domain/battle_content_catalog_test.gd[0m[38;2;128;128;128m > [0m[38;2;250;235;215mtest_catalog_rejects_duplicate_definition_ids[0m[38;2;34;139;34m PASSED[0m[38;2;100;149;237m 3ms[0m
[38;2;128;128;128m[0m
  [38;2;250;235;215mres://tests/unit/domain/battle_content_catalog_test.gd[0m[38;2;128;128;128m > [0m[38;2;250;235;215mtest_catalog_rejects_unknown_effect_and_orphan_recipe_product[0m[38;2;34;139;34m STARTED[0m[38;2;128;128;128m[0m
  [38;2;250;235;215mres://tests/unit/domain/battle_content_catalog_test.gd[0m[38;2;128;128;128m > [0m[38;2;250;235;215mtest_catalog_rejects_unknown_effect_and_orphan_recipe_product[0m[38;2;34;139;34m PASSED[0m[38;2;100;149;237m 12ms[0m
[38;2;128;128;128m[0m
  [38;2;250;235;215mres://tests/unit/domain/battle_content_catalog_test.gd[0m[38;2;128;128;128m > [0m[38;2;250;235;215mtest_catalog_rejects_reaction_using_non_element_input[0m[38;2;34;139;34m STARTED[0m[38;2;128;128;128m[0m
  [38;2;250;235;215mres://tests/unit/domain/battle_content_catalog_test.gd[0m[38;2;128;128;128m > [0m[38;2;250;235;215mtest_catalog_rejects_reaction_using_non_element_input[0m[38;2;34;139;34m PASSED[0m[38;2;100;149;237m 11ms[0m
[38;2;128;128;128m[0m
[38;2;30;144;255mStatistics:[0m[38;2;128;128;128m 5 test cases | 0 errors | 0 failures | 0 flaky | 0 skipped | 0 orphans |[0m[38;2;34;139;34m PASSED[0m[38;2;100;149;237m 62ms[0m
[38;2;128;128;128m[0m
[38;2;128;128;128m[0m
[38;2;0;206;209mRun Test Suite: [0m[38;2;250;235;215mres://tests/unit/domain/battle_rules_test.gd[0m
  [38;2;250;235;215mres://tests/unit/domain/battle_rules_test.gd[0m[38;2;128;128;128m > [0m[38;2;250;235;215mtest_turn_lifecycle_rejects_repeated_and_out_of_order_transitions_without_mutation[0m[38;2;34;139;34m STARTED[0m[38;2;128;128;128m[0m
  [38;2;250;235;215mres://tests/unit/domain/battle_rules_test.gd[0m[38;2;128;128;128m > [0m[38;2;250;235;215mtest_turn_lifecycle_rejects_repeated_and_out_of_order_transitions_without_mutation[0m[38;2;34;139;34m PASSED[0m[38;2;100;149;237m 14ms[0m
[38;2;128;128;128m[0m
  [38;2;250;235;215mres://tests/unit/domain/battle_rules_test.gd[0m[38;2;128;128;128m > [0m[38;2;250;235;215mtest_play_damage_card_applies_fixture_bonus_and_moves_unique_instance[0m[38;2;34;139;34m STARTED[0m[38;2;128;128;128m[0m
  [38;2;250;235;215mres://tests/unit/domain/battle_rules_test.gd[0m[38;2;128;128;128m > [0m[38;2;250;235;215mtest_play_damage_card_applies_fixture_bonus_and_moves_unique_instance[0m[38;2;34;139;34m PASSED[0m[38;2;100;149;237m 4ms[0m
[38;2;128;128;128m[0m
  [38;2;250;235;215mres://tests/unit/domain/battle_rules_test.gd[0m[38;2;128;128;128m > [0m[38;2;250;235;215mtest_rejected_play_for_wrong_target_has_zero_side_effects[0m[38;2;34;139;34m STARTED[0m[38;2;128;128;128m[0m
  [38;2;250;235;215mres://tests/unit/domain/battle_rules_test.gd[0m[38;2;128;128;128m > [0m[38;2;250;235;215mtest_rejected_play_for_wrong_target_has_zero_side_effects[0m[38;2;34;139;34m PASSED[0m[38;2;100;149;237m 3ms[0m
[38;2;128;128;128m[0m
  [38;2;250;235;215mres://tests/unit/domain/battle_rules_test.gd[0m[38;2;128;128;128m > [0m[38;2;250;235;215mtest_rejected_play_for_missing_instance_has_zero_side_effects[0m[38;2;34;139;34m STARTED[0m[38;2;128;128;128m[0m
  [38;2;250;235;215mres://tests/unit/domain/battle_rules_test.gd[0m[38;2;128;128;128m > [0m[38;2;250;235;215mtest_rejected_play_for_missing_instance_has_zero_side_effects[0m[38;2;34;139;34m PASSED[0m[38;2;100;149;237m 5ms[0m
[38;2;128;128;128m[0m
  [38;2;250;235;215mres://tests/unit/domain/battle_rules_test.gd[0m[38;2;128;128;128m > [0m[38;2;250;235;215mtest_rejected_play_for_insufficient_energy_has_zero_side_effects[0m[38;2;34;139;34m STARTED[0m[38;2;128;128;128m[0m
  [38;2;250;235;215mres://tests/unit/domain/battle_rules_test.gd[0m[38;2;128;128;128m > [0m[38;2;250;235;215mtest_rejected_play_for_insufficient_energy_has_zero_side_effects[0m[38;2;34;139;34m PASSED[0m[38;2;100;149;237m 4ms[0m
[38;2;128;128;128m[0m
  [38;2;250;235;215mres://tests/unit/domain/battle_rules_test.gd[0m[38;2;128;128;128m > [0m[38;2;250;235;215mtest_reaction_preview_is_order_independent_and_requires_product_choice[0m[38;2;34;139;34m STARTED[0m[38;2;128;128;128m[0m
  [38;2;250;235;215mres://tests/unit/domain/battle_rules_test.gd[0m[38;2;128;128;128m > [0m[38;2;250;235;215mtest_reaction_preview_is_order_independent_and_requires_product_choice[0m[38;2;34;139;34m PASSED[0m[38;2;100;149;237m 5ms[0m
[38;2;128;128;128m[0m
  [38;2;250;235;215mres://tests/unit/domain/battle_rules_test.gd[0m[38;2;128;128;128m > [0m[38;2;250;235;215mtest_unsupported_reaction_is_read_only_and_keeps_both_inputs_in_slots[0m[38;2;34;139;34m STARTED[0m[38;2;128;128;128m[0m
  [38;2;250;235;215mres://tests/unit/domain/battle_rules_test.gd[0m[38;2;128;128;128m > [0m[38;2;250;235;215mtest_unsupported_reaction_is_read_only_and_keeps_both_inputs_in_slots[0m[38;2;34;139;34m PASSED[0m[38;2;100;149;237m 3ms[0m
[38;2;128;128;128m[0m
  [38;2;250;235;215mres://tests/unit/domain/battle_rules_test.gd[0m[38;2;128;128;128m > [0m[38;2;250;235;215mtest_same_definition_cards_are_distinct_instances_and_can_react[0m[38;2;34;139;34m STARTED[0m[38;2;128;128;128m[0m
  [38;2;250;235;215mres://tests/unit/domain/battle_rules_test.gd[0m[38;2;128;128;128m > [0m[38;2;250;235;215mtest_same_definition_cards_are_distinct_instances_and_can_react[0m[38;2;34;139;34m PASSED[0m[38;2;100;149;237m 5ms[0m
[38;2;128;128;128m[0m
  [38;2;250;235;215mres://tests/unit/domain/battle_rules_test.gd[0m[38;2;128;128;128m > [0m[38;2;250;235;215mtest_c_discount_is_consumed_only_by_successful_reaction[0m[38;2;34;139;34m STARTED[0m[38;2;128;128;128m[0m
  [38;2;250;235;215mres://tests/unit/domain/battle_rules_test.gd[0m[38;2;128;128;128m > [0m[38;2;250;235;215mtest_c_discount_is_consumed_only_by_successful_reaction[0m[38;2;34;139;34m PASSED[0m[38;2;100;149;237m 5ms[0m
[38;2;128;128;128m[0m
  [38;2;250;235;215mres://tests/unit/domain/battle_rules_test.gd[0m[38;2;128;128;128m > [0m[38;2;250;235;215mtest_repeated_c_card_does_not_stack_reaction_discount[0m[38;2;34;139;34m STARTED[0m[38;2;128;128;128m[0m
  [38;2;250;235;215mres://tests/unit/domain/battle_rules_test.gd[0m[38;2;128;128;128m > [0m[38;2;250;235;215mtest_repeated_c_card_does_not_stack_reaction_discount[0m[38;2;34;139;34m PASSED[0m[38;2;100;149;237m 4ms[0m
[38;2;128;128;128m[0m
  [38;2;250;235;215mres://tests/unit/domain/battle_rules_test.gd[0m[38;2;128;128;128m > [0m[38;2;250;235;215mtest_n_reduction_applies_once_and_expires_after_opponent_turn_end[0m[38;2;34;139;34m STARTED[0m[38;2;128;128;128m[0m
  [38;2;250;235;215mres://tests/unit/domain/battle_rules_test.gd[0m[38;2;128;128;128m > [0m[38;2;250;235;215mtest_n_reduction_applies_once_and_expires_after_opponent_turn_end[0m[38;2;34;139;34m PASSED[0m[38;2;100;149;237m 4ms[0m
[38;2;128;128;128m[0m
  [38;2;250;235;215mres://tests/unit/domain/battle_rules_test.gd[0m[38;2;128;128;128m > [0m[38;2;250;235;215mtest_s_bonus_is_consumed_on_successful_damage_and_fixture_bonus_is_once_per_turn[0m[38;2;34;139;34m STARTED[0m[38;2;128;128;128m[0m
  [38;2;250;235;215mres://tests/unit/domain/battle_rules_test.gd[0m[38;2;128;128;128m > [0m[38;2;250;235;215mtest_s_bonus_is_consumed_on_successful_damage_and_fixture_bonus_is_once_per_turn[0m[38;2;34;139;34m PASSED[0m[38;2;100;149;237m 4ms[0m
[38;2;128;128;128m[0m
  [38;2;250;235;215mres://tests/unit/domain/battle_rules_test.gd[0m[38;2;128;128;128m > [0m[38;2;250;235;215mtest_b_draw_marker_persists_across_turns_and_is_consumed_by_successful_reaction[0m[38;2;34;139;34m STARTED[0m[38;2;128;128;128m[0m
  [38;2;250;235;215mres://tests/unit/domain/battle_rules_test.gd[0m[38;2;128;128;128m > [0m[38;2;250;235;215mtest_b_draw_marker_persists_across_turns_and_is_consumed_by_successful_reaction[0m[38;2;34;139;34m PASSED[0m[38;2;100;149;237m 6ms[0m
[38;2;128;128;128m[0m
  [38;2;250;235;215mres://tests/unit/domain/battle_rules_test.gd[0m[38;2;128;128;128m > [0m[38;2;250;235;215mtest_clear_and_end_turn_return_staged_cards_in_original_hand_order[0m[38;2;34;139;34m STARTED[0m[38;2;128;128;128m[0m
  [38;2;250;235;215mres://tests/unit/domain/battle_rules_test.gd[0m[38;2;128;128;128m > [0m[38;2;250;235;215mtest_clear_and_end_turn_return_staged_cards_in_original_hand_order[0m[38;2;34;139;34m PASSED[0m[38;2;100;149;237m 6ms[0m
[38;2;128;128;128m[0m
  [38;2;250;235;215mres://tests/unit/domain/battle_rules_test.gd[0m[38;2;128;128;128m > [0m[38;2;250;235;215mtest_outcome_evaluator_is_symmetric_and_draws_when_both_sides_fail[0m[38;2;34;139;34m STARTED[0m[38;2;128;128;128m[0m
  [38;2;250;235;215mres://tests/unit/domain/battle_rules_test.gd[0m[38;2;128;128;128m > [0m[38;2;250;235;215mtest_outcome_evaluator_is_symmetric_and_draws_when_both_sides_fail[0m[38;2;34;139;34m PASSED[0m[38;2;100;149;237m 4ms[0m
[38;2;128;128;128m[0m
  [38;2;250;235;215mres://tests/unit/domain/battle_rules_test.gd[0m[38;2;128;128;128m > [0m[38;2;250;235;215mtest_card_and_reaction_draw_effects_are_safe_when_draw_pile_is_empty[0m[38;2;34;139;34m STARTED[0m[38;2;128;128;128m[0m
  [38;2;250;235;215mres://tests/unit/domain/battle_rules_test.gd[0m[38;2;128;128;128m > [0m[38;2;250;235;215mtest_card_and_reaction_draw_effects_are_safe_when_draw_pile_is_empty[0m[38;2;34;139;34m PASSED[0m[38;2;100;149;237m 5ms[0m
[38;2;128;128;128m[0m
[38;2;30;144;255mStatistics:[0m[38;2;128;128;128m 16 test cases | 0 errors | 0 failures | 0 flaky | 0 skipped | 0 orphans |[0m[38;2;34;139;34m PASSED[0m[38;2;100;149;237m 118ms[0m
[38;2;128;128;128m[0m
[38;2;128;128;128m[0m
[38;2;0;206;209mRun Test Suite: [0m[38;2;250;235;215mres://tests/unit/domain/battle_session_test.gd[0m
  [38;2;250;235;215mres://tests/unit/domain/battle_session_test.gd[0m[38;2;128;128;128m > [0m[38;2;250;235;215mtest_fixture_has_expected_unique_opening_cards_and_deterministic_piles[0m[38;2;34;139;34m STARTED[0m[38;2;128;128;128m[0m
  [38;2;250;235;215mres://tests/unit/domain/battle_session_test.gd[0m[38;2;128;128;128m > [0m[38;2;250;235;215mtest_fixture_has_expected_unique_opening_cards_and_deterministic_piles[0m[38;2;34;139;34m PASSED[0m[38;2;100;149;237m 14ms[0m
[38;2;128;128;128m[0m
  [38;2;250;235;215mres://tests/unit/domain/battle_session_test.gd[0m[38;2;128;128;128m > [0m[38;2;250;235;215mtest_rejected_session_command_returns_unchanged_view_state[0m[38;2;34;139;34m STARTED[0m[38;2;128;128;128m[0m
  [38;2;250;235;215mres://tests/unit/domain/battle_session_test.gd[0m[38;2;128;128;128m > [0m[38;2;250;235;215mtest_rejected_session_command_returns_unchanged_view_state[0m[38;2;34;139;34m PASSED[0m[38;2;100;149;237m 14ms[0m
[38;2;128;128;128m[0m
  [38;2;250;235;215mres://tests/unit/domain/battle_session_test.gd[0m[38;2;128;128;128m > [0m[38;2;250;235;215mtest_only_player_commands_can_mutate_the_application_session[0m[38;2;34;139;34m STARTED[0m[38;2;128;128;128m[0m
  [38;2;250;235;215mres://tests/unit/domain/battle_session_test.gd[0m[38;2;128;128;128m > [0m[38;2;250;235;215mtest_only_player_commands_can_mutate_the_application_session[0m[38;2;34;139;34m PASSED[0m[38;2;100;149;237m 13ms[0m
[38;2;128;128;128m[0m
  [38;2;250;235;215mres://tests/unit/domain/battle_session_test.gd[0m[38;2;128;128;128m > [0m[38;2;250;235;215mtest_ai_uses_deterministic_reaction_then_returns_control_to_player[0m[38;2;34;139;34m STARTED[0m[38;2;128;128;128m[0m
  [38;2;250;235;215mres://tests/unit/domain/battle_session_test.gd[0m[38;2;128;128;128m > [0m[38;2;250;235;215mtest_ai_uses_deterministic_reaction_then_returns_control_to_player[0m[38;2;34;139;34m PASSED[0m[38;2;100;149;237m 14ms[0m
[38;2;128;128;128m[0m
  [38;2;250;235;215mres://tests/unit/domain/battle_session_test.gd[0m[38;2;128;128;128m > [0m[38;2;250;235;215mtest_ai_skips_when_no_legal_action_and_still_advances_turn_once[0m[38;2;34;139;34m STARTED[0m[38;2;128;128;128m[0m
  [38;2;250;235;215mres://tests/unit/domain/battle_session_test.gd[0m[38;2;128;128;128m > [0m[38;2;250;235;215mtest_ai_skips_when_no_legal_action_and_still_advances_turn_once[0m[38;2;34;139;34m PASSED[0m[38;2;100;149;237m 14ms[0m
[38;2;128;128;128m[0m
  [38;2;250;235;215mres://tests/unit/domain/battle_session_test.gd[0m[38;2;128;128;128m > [0m[38;2;250;235;215mtest_empty_hand_terminal_state_freezes_commands_until_restart[0m[38;2;34;139;34m STARTED[0m[38;2;128;128;128m[0m
  [38;2;250;235;215mres://tests/unit/domain/battle_session_test.gd[0m[38;2;128;128;128m > [0m[38;2;250;235;215mtest_empty_hand_terminal_state_freezes_commands_until_restart[0m[38;2;34;139;34m PASSED[0m[38;2;100;149;237m 14ms[0m
[38;2;128;128;128m[0m
  [38;2;250;235;215mres://tests/unit/domain/battle_session_test.gd[0m[38;2;128;128;128m > [0m[38;2;250;235;215mtest_player_turn_auto_ends_when_successful_action_leaves_no_legal_move[0m[38;2;34;139;34m STARTED[0m[38;2;128;128;128m[0m
  [38;2;250;235;215mres://tests/unit/domain/battle_session_test.gd[0m[38;2;128;128;128m > [0m[38;2;250;235;215mtest_player_turn_auto_ends_when_successful_action_leaves_no_legal_move[0m[38;2;34;139;34m PASSED[0m[38;2;100;149;237m 15ms[0m
[38;2;128;128;128m[0m
  [38;2;250;235;215mres://tests/unit/domain/battle_session_test.gd[0m[38;2;128;128;128m > [0m[38;2;250;235;215mtest_unsupported_staged_reaction_remains_editable_without_legal_moves[0m[38;2;34;139;34m STARTED[0m[38;2;128;128;128m[0m
  [38;2;250;235;215mres://tests/unit/domain/battle_session_test.gd[0m[38;2;128;128;128m > [0m[38;2;250;235;215mtest_unsupported_staged_reaction_remains_editable_without_legal_moves[0m[38;2;34;139;34m PASSED[0m[38;2;100;149;237m 14ms[0m
[38;2;128;128;128m[0m
  [38;2;250;235;215mres://tests/unit/domain/battle_session_test.gd[0m[38;2;128;128;128m > [0m[38;2;250;235;215mtest_unaffordable_staged_reaction_keeps_both_slots_and_can_be_cleared[0m[38;2;34;139;34m STARTED[0m[38;2;128;128;128m[0m
  [38;2;250;235;215mres://tests/unit/domain/battle_session_test.gd[0m[38;2;128;128;128m > [0m[38;2;250;235;215mtest_unaffordable_staged_reaction_keeps_both_slots_and_can_be_cleared[0m[38;2;34;139;34m PASSED[0m[38;2;100;149;237m 13ms[0m
[38;2;128;128;128m[0m
  [38;2;250;235;215mres://tests/unit/domain/battle_session_test.gd[0m[38;2;128;128;128m > [0m[38;2;250;235;215mtest_restart_reuses_seed_and_recreates_fresh_instance_ids[0m[38;2;34;139;34m STARTED[0m[38;2;128;128;128m[0m
  [38;2;250;235;215mres://tests/unit/domain/battle_session_test.gd[0m[38;2;128;128;128m > [0m[38;2;250;235;215mtest_restart_reuses_seed_and_recreates_fresh_instance_ids[0m[38;2;34;139;34m PASSED[0m[38;2;100;149;237m 13ms[0m
[38;2;128;128;128m[0m
  [38;2;250;235;215mres://tests/unit/domain/battle_session_test.gd[0m[38;2;128;128;128m > [0m[38;2;250;235;215mtest_view_projection_contains_expected_card_and_effect_contract[0m[38;2;34;139;34m STARTED[0m[38;2;128;128;128m[0m
  [38;2;250;235;215mres://tests/unit/domain/battle_session_test.gd[0m[38;2;128;128;128m > [0m[38;2;250;235;215mtest_view_projection_contains_expected_card_and_effect_contract[0m[38;2;34;139;34m PASSED[0m[38;2;100;149;237m 12ms[0m
[38;2;128;128;128m[0m
[38;2;30;144;255mStatistics:[0m[38;2;128;128;128m 11 test cases | 0 errors | 0 failures | 0 flaky | 0 skipped | 0 orphans |[0m[38;2;34;139;34m PASSED[0m[38;2;100;149;237m 177ms[0m
[38;2;128;128;128m[0m
[38;2;128;128;128m[0m
[38;2;30;144;255mOverall Summary:[0m[38;2;255;255;255m 38 test cases | 0 errors | 0 failures | 0 flaky | 0 skipped | 0 orphans |[0m
[38;2;233;150;122mExecuted test suites: (4/4)[0m
[38;2;233;150;122mExecuted test cases : (38/38)[0m
[38;2;233;150;122mTotal execution time: 1s 220ms[0m
[38;2;255;255;255m [0m[38;2;100;149;237mOpen XML Report at: file://E:/projects/TCA/TCA/reports/report_16/results.xml[0m
[38;2;100;149;237mOpen HTML Report at: file://E:/projects/TCA/TCA/reports/report_16/index.html[0m
[38;2;233;150;122mExit code: 0[0m
Run dispose test resources

